[atasvip.com/atas789-atsads4/indexae77.html]
[backblue.gif]
[fade.gif]
[index.html]
[atasvip.com/wp-content/plugins/elementor/assets/css/frontend-lite.mindcff.css]
[atasvip.com/wp-content/plugins/elementor/assets/lib/swiper/v8/css/swiper.min94a4.css]
[atasvip.com/wp-content/uploads/elementor/css/post-6f0a1.css]
[atasvip.com/wp-content/plugins/elementor-pro/assets/css/frontend-lite.min4d52.css]
[atasvip.com/wp-content/uploads/elementor/css/globalf0a1.css]
[atasvip.com/wp-content/uploads/elementor/css/post-304fe43.css]
[atasvip.com/wp-content/plugins/essential-addons-for-elementor-lite/assets/front-end/css/view/general.min90d7.css]
[atasvip.com/wp-includes/js/jquery/jquery.minf43b.js]
[atasvip.com/wp-includes/js/jquery/jquery-migrate.min5589.js]
[atasvip.com/atas789-atsads4/index.html]
[atasvip.com/wp-content/uploads/2024/04/ATAS-hero-elements_modelClaim-Bonus-Now-WhatsApp-icon.png]
[atasvip.com/wp-content/uploads/2024/03/ATAS-hero-elements_Deposit-Now.png]
[atasvip.com/wp-content/plugins/elementor/assets/lib/animations/animations.mindcff.css]
[atasvip.com/wp-content/plugins/essential-addons-for-elementor-lite/assets/front-end/js/view/general.min90d7.js]
[atasvip.com/wp-content/plugins/elementor-pro/assets/js/webpack-pro.runtime.min4d52.js]
[atasvip.com/wp-content/plugins/elementor/assets/js/webpack.runtime.mindcff.js]
[atasvip.com/atas789-atsads4/register-atsads4/index.html]
[atasvip.com/wp-content/plugins/elementor/assets/js/frontend-modules.mindcff.js]
[atasvip.com/wp-includes/js/dist/vendor/wp-polyfill-inert.min0226.js]
[atasvip.com/wp-includes/js/dist/vendor/regenerator-runtime.min6c85.js]
[atasvip.com/wp-includes/js/dist/vendor/wp-polyfill.min2c7c.js]
[atasvip.com/wp-includes/js/dist/hooks.min2ebd.js]
[atasvip.com/wp-includes/js/dist/i18n.minf92f.js]
[atasvip.com/wp-content/plugins/elementor-pro/assets/js/frontend.min4d52.js]
[atasvip.com/wp-content/plugins/elementor/assets/lib/waypoints/waypoints.min05da.js]
[atasvip.com/wp-includes/js/jquery/ui/core.min3f14.js]
[atasvip.com/wp-content/plugins/elementor/assets/js/frontend.mindcff.js]
[atasvip.com/atas789-atsads4/indexae77.html]
[atasvip.com/wp-content/plugins/elementor/assets/css/frontend-lite.mindcff.css]
[atasvip.com/wp-content/plugins/elementor/assets/lib/swiper/v8/css/swiper.min94a4.css]
[atasvip.com/wp-content/uploads/elementor/css/post-6f0a1.css]
[atasvip.com/wp-content/plugins/elementor-pro/assets/css/frontend-lite.min4d52.css]
[atasvip.com/wp-content/uploads/elementor/css/globalf0a1.css]
[atasvip.com/wp-content/plugins/elementor-pro/assets/js/elements-handlers.min4d52.js]
[atasvip.com/wp-content/uploads/2024/04/ATAS-landing-page-desktop_CN.jpg]
[atasvip.com/wp-content/uploads/2024/04/ATAS-landing-page-mobile_CN.jpg]
[atasvip.com/wp-content/uploads/elementor/css/post-304fe43.css]
[atasvip.com/wp-content/plugins/essential-addons-for-elementor-lite/assets/front-end/css/view/general.min90d7.css]
[atasvip.com/wp-includes/js/jquery/jquery.minf43b.js]
[atasvip.com/wp-includes/js/jquery/jquery-migrate.min5589.js]
[atasvip.com/atas789-atsads4/index.html]
[www.googletagmanager.com/gtm5445.html]
[atasvip.com/wp-content/uploads/elementor/css/post-565aaf3.css]
[atasvip.com/atas789-atsads4/register-atsads4/index.html]
[atasvip.com/wp-content/plugins/elementor/assets/lib/animations/animations.mindcff.css]
[atasvip.com/wp-content/plugins/elementor-pro/assets/lib/sticky/jquery.sticky.min4d52.js]
[atasvip.com/atas789-atsads4/e]
[atasvip.com/wp-content/plugins/essential-addons-for-elementor-lite/assets/front-end/js/view/general.min90d7.js]
[atasvip.com/wp-content/plugins/elementor-pro/assets/js/webpack-pro.runtime.min4d52.js]
[atasvip.com/wp-content/plugins/elementor/assets/js/webpack.runtime.mindcff.js]
[atasvip.com/wp-content/plugins/elementor/assets/js/frontend-modules.mindcff.js]
[atasvip.com/wp-includes/js/dist/vendor/wp-polyfill-inert.min0226.js]
[atasvip.com/wp-includes/js/dist/vendor/regenerator-runtime.min6c85.js]
[atasvip.com/wp-includes/js/dist/vendor/wp-polyfill.min2c7c.js]
[atasvip.com/wp-includes/js/dist/hooks.min2ebd.js]
[atasvip.com/wp-includes/js/dist/i18n.minf92f.js]
[atasvip.com/wp-content/plugins/elementor-pro/assets/js/frontend.min4d52.js]
[atasvip.com/wp-content/plugins/elementor/assets/lib/waypoints/waypoints.min05da.js]
[atasvip.com/wp-includes/js/jquery/ui/core.min3f14.js]
[atasvip.com/atas789-atsads4/-negative.svg]
[atasvip.com/wp-content/plugins/elementor/assets/js/frontend.mindcff.js]
[atasvip.com/atas789-atsads4/OPR/index.html]
[atasvip.com/atas789-atsads4/window.location.href]
[atasvip.com/wp-content/plugins/elementor-pro/assets/js/elements-handlers.min4d52.js]
[atasvip.com/wp-content/uploads/elementor/css/post-565aaf3.css]
[atasvip.com/wp-content/plugins/elementor-pro/assets/lib/sticky/jquery.sticky.min4d52.js]
[atasvip.com/atas789-atsads4/e.html]
[atasvip.com/atas789-atsads4/-negative.html]
[atasvip.com/atas789-atsads4/OPR/index.html]
[atasvip.com/atas789-atsads4/window.location.html]
